
========== 宠物洗护门店系统 - 后端逻辑测试 ==========

1. 基础数据加载测试
   宠物体型: 4 种
   附加服务: 5 项
   工位数: 6 个
   折扣规则: 3 条

2. 工位时段可用性格式测试
   A1号工位 今日时段总数: 24
   首个时段: 09:00 - 09:30
   末个时段: 20:30 - 21:00
✅    所有时段初始均可用
   期望: 是
   实际: 是

3. 时段冲突检测测试
✅    10:00-11:00 与 10:30-11:30 冲突
   期望: 是
   实际: 是
✅    10:00-11:00 与 11:00-12:00 冲突
   期望: 否
   实际: 否

4. 创建预约测试
✅    创建预约
   期望: 成功
   实际: 成功
   预约ID: 0c8b5145 ...
   宠物: 旺财 (medium)
   时段: 10:00 - 12:00

5. 时段冲突校验测试（重复预约相同时段）
✅    创建冲突预约
   期望: 正确拦截
   实际: 正确拦截
   提示信息: 时段冲突：10:30-11:30 已被 旺财 预约

6. 工位可用性更新测试
   预约后 A1号工位 占用时段数: 4 个

7. 账单计算测试 - 中型犬基础洗护 + 2项附加服务 + 9折优惠
   启用中的折扣规则: 2 条
✅    账单生成
   期望: 成功
   实际: 成功
   基础洗护费: ¥100.00
   附加服务费: ¥35.00
   小计: ¥135.00
   折扣 (新客户9折优惠 10%): -¥13.50
   实付金额: ¥121.50
   服务明细:
     - 中型犬基础洗护: ¥100.00
     - 指甲修剪: ¥20.00
     - 耳道清洁: ¥15.00

8. 账单快速核算测试（不同组合）
   小型犬 - 基础洗护: ¥54.00
   大型犬 - 基础洗护+药浴+体外驱虫: ¥186.00
   猫咪 - 基础洗护+指甲修剪: ¥90.00

9. 折扣规则管理测试
   规则总数: 3
     - 新客户9折优惠 [启用]
     - 满200减30 [启用]
     - VIP立减50 [停用]

10. 今日营收看板测试
   支付前 - 已收金额: ¥0.00
   支付前 - 已结单数: 0
   支付前 - 平均客单价: ¥0.00
✅    无已支付账单时已结单数为0
   期望: 0
   实际: 0
✅    无已支付账单时平均客单价为0
   期望: 0.00
   实际: 0.00
   创建测试账单: #d43c18fa，金额: ¥121.50
   标记账单为已支付
   支付后 - 已收金额: ¥121.50
   支付后 - 已结单数: 1
   支付后 - 平均客单价: ¥121.50
✅    支付后已结单数为1
   期望: 1
   实际: 1
✅    支付后已收金额等于账单金额
   期望: ¥121.50
   实际: ¥121.50
✅    平均客单价等于已收金额/已结单数
   期望: ¥121.50
   实际: ¥121.50

11. 已取消预约账单不计入营收测试
   创建已支付账单（对应待取消预约）: ¥54.00
   取消预约前 - 已结单数: 2
   取消对应预约
   取消预约后 - 已结单数: 1
✅    取消预约后已结单数减少
   期望: 1单
   实际: 1单

12. 数据一致性测试 - 营收看板与账单列表汇总一致
✅    营收金额与账单列表汇总一致
   期望: 两者相等
   实际: 看板: ¥121.50, 列表合计: ¥121.50
✅    已结单数与账单列表数一致
   期望: 两者相等
   实际: 看板: 1单, 列表: 1单

========== 测试完成 ==========

